2025-08-28 11:58:15,706 - INFO - Iniciando o processamento do Web Scrapping da Agenda Tributária do ano de 2025
2025-08-28 11:58:15,880 - INFO - Processando mês: janeiro
2025-08-28 11:58:16,992 - INFO -   - Dia: dia-06-01-2025
2025-08-28 11:58:18,163 - INFO -   - Dia: dia-08-01-2025
2025-08-28 11:58:20,203 - INFO -   - Dia: dia-10-01-2025
2025-08-28 11:58:21,343 - INFO -   - Dia: dia-15-01-2025
2025-08-28 11:58:22,534 - INFO -   - Dia: dia-20-01-2025
2025-08-28 11:58:23,695 - INFO -   - Dia: dia-22-01-2025
2025-08-28 11:58:25,626 - INFO -   - Dia: dia-23-01-2025
2025-08-28 11:58:26,791 - INFO -   - Dia: dia-24-01-2025
2025-08-28 11:58:28,016 - INFO -   - Dia: dia-27-01-2025
2025-08-28 11:58:29,134 - INFO -   - Dia: dia-31-01-2025
2025-08-28 11:58:30,307 - INFO - Processando mês: fevereiro
2025-08-28 11:58:33,368 - INFO -   - Dia: dia-05-02-2025
2025-08-28 11:58:35,628 - INFO -   - Dia: dia-07-02-2025
2025-08-28 11:58:36,804 - INFO -   - Dia: dia-10-02-2025
2025-08-28 11:58:38,014 - INFO -   - Dia: dia-13-02-2025
2025-08-28 11:58:39,140 - INFO -   - Dia: dia-14-02-2025
2025-08-28 11:58:40,307 - INFO -   - Dia: dia-17-02-2025
2025-08-28 11:58:41,467 - INFO -   - Dia: dia-20-02-2025
2025-08-28 11:58:43,586 - INFO -   - Dia: dia-21-02-2025
2025-08-28 11:58:45,547 - INFO -   - Dia: dia-25-02-2025
2025-08-28 11:58:47,715 - INFO -   - Dia: dia-28-02-2025
2025-08-28 11:58:48,887 - INFO - Processando mês: marco
2025-08-28 11:58:50,002 - INFO -   - Dia: dia-05-03-2025
2025-08-28 11:58:52,021 - INFO -   - Dia: dia-07-03-2025
2025-08-28 11:58:54,158 - INFO -   - Dia: dia-10-03-2025
2025-08-28 11:58:57,618 - INFO -   - Dia: dia-11-03-2025
2025-08-28 11:58:59,728 - INFO -   - Dia: dia-13-03-2025
2025-08-28 11:59:00,862 - INFO -   - Dia: dia-14-03-2025
2025-08-28 11:59:02,007 - INFO -   - Dia: dia-17-03-2025
2025-08-28 11:59:03,138 - INFO -   - Dia: dia-18-03-2025
2025-08-28 11:59:05,199 - INFO -   - Dia: dia-20-03-2025
2025-08-28 11:59:06,366 - INFO -   - Dia: dia-25-03-2025
2025-08-28 11:59:07,511 - INFO -   - Dia: dia-31-03-2025
2025-08-28 11:59:08,726 - INFO - Processando mês: abril
2025-08-28 11:59:09,954 - INFO -   - Dia: dia-03-04-2025
2025-08-28 11:59:11,103 - INFO -   - Dia: dia-07-04-2025
2025-08-28 11:59:12,236 - INFO -   - Dia: dia-10-04-2025
2025-08-28 11:59:13,350 - INFO -   - Dia: dia-14-04-2025
2025-08-28 11:59:14,470 - INFO -   - Dia: dia-15-04-2025
2025-08-28 11:59:15,712 - INFO -   - Dia: dia-17-04-2025
2025-08-28 11:59:16,849 - INFO -   - Dia: dia-20-04-2025
2025-08-28 11:59:18,837 - INFO -   - Dia: dia-22-04-2025
2025-08-28 11:59:20,727 - INFO -   - Dia: dia-24-04-2025
2025-08-28 11:59:22,224 - INFO -   - Dia: dia-25-04-2025
2025-08-28 11:59:23,395 - INFO -   - Dia: dia-30-04-2025
2025-08-28 11:59:24,665 - INFO - Processando mês: maio
2025-08-28 11:59:25,791 - INFO -   - Dia: dia-05-05-2025
2025-08-28 11:59:28,111 - INFO -   - Dia: dia-06-05-2025
2025-08-28 11:59:29,239 - INFO -   - Dia: dia-08-05-2025
2025-08-28 11:59:30,410 - INFO -   - Dia: dia-09-05-2025
2025-08-28 11:59:31,582 - INFO -   - Dia: dia-14-05-2025
2025-08-28 11:59:33,893 - INFO -   - Dia: dia-15-05-2025
2025-08-28 11:59:35,042 - INFO -   - Dia: dia-20-05-2025
2025-08-28 11:59:36,190 - INFO -   - Dia: dia-23-05-2025
2025-08-28 11:59:37,337 - INFO -   - Dia: dia-26-05-2025
2025-08-28 11:59:38,522 - INFO -   - Dia: dia-30-05-2025
2025-08-28 11:59:40,754 - INFO -   - Dia: dia-31-05-2025
2025-08-28 11:59:43,082 - INFO - Processando mês: junho
2025-08-28 11:59:44,524 - INFO -   - Dia: dia-04-06-2025
2025-08-28 11:59:45,760 - INFO -   - Dia: dia-05-06-2025
2025-08-28 11:59:47,879 - INFO -   - Dia: dia-06-06-2025
2025-08-28 11:59:51,849 - INFO -   - Dia: dia-10-06-2025
2025-08-28 11:59:53,886 - INFO -   - Dia: dia-13-06-2025
2025-08-28 11:59:56,618 - INFO -   - Dia: dia-16-06-2025
2025-08-28 11:59:57,921 - INFO -   - Dia: dia-20-06-2025
2025-08-28 11:59:59,998 - INFO -   - Dia: dia-25-06-2025
2025-08-28 12:00:01,225 - INFO -   - Dia: dia-30-06-2025
2025-08-28 12:00:02,385 - INFO - Processando mês: julho
2025-08-28 12:00:03,515 - INFO -   - Dia: dia-03-07-2025
2025-08-28 12:00:04,636 - INFO -   - Dia: dia-07-07-2025
2025-08-28 12:00:08,869 - INFO -   - Dia: dia-10-07-2025
2025-08-28 12:00:10,946 - INFO -   - Dia: dia-14-07-2025
2025-08-28 12:00:13,020 - INFO -   - Dia: dia-15-07-2025
2025-08-28 12:00:15,201 - INFO -   - Dia: dia-18-07-2025
2025-08-28 12:00:16,334 - INFO -   - Dia: dia-20-07-2025
2025-08-28 12:00:17,454 - INFO -   - Dia: dia-21-07-2025
2025-08-28 12:00:18,649 - INFO -   - Dia: dia-23-07-2025
2025-08-28 12:00:19,826 - INFO -   - Dia: dia-25-07-2025
2025-08-28 12:00:21,899 - INFO -   - Dia: dia-31-07-2025
2025-08-28 12:00:24,060 - INFO - Processando mês: agosto
2025-08-28 12:00:25,239 - INFO -   - Dia: dia-05-08-2025
2025-08-28 12:00:26,371 - INFO -   - Dia: dia-08-08-2025
2025-08-28 12:00:27,570 - INFO -   - Dia: dia-13-08-2025
2025-08-28 12:00:30,171 - INFO -   - Dia: dia-14-08-2025
2025-08-28 12:00:31,564 - INFO -   - Dia: dia-15-08-2025
2025-08-28 12:00:33,617 - INFO -   - Dia: dia-20-08-2025
2025-08-28 12:00:34,764 - INFO -   - Dia: dia-25-08-2025
2025-08-28 12:00:35,898 - INFO -   - Dia: dia-29-08-2025
2025-08-28 12:00:38,226 - INFO - Processando mês: setembro
2025-08-28 12:00:39,340 - INFO -   - Dia: dia-03-09-2025
2025-08-28 12:00:41,384 - INFO -   - Dia: dia-05-09-2025
2025-08-28 12:00:42,607 - INFO -   - Dia: dia-10-09-2025
2025-08-28 12:00:44,670 - INFO -   - Dia: dia-12-09-2025
2025-08-28 12:00:46,668 - INFO -   - Dia: dia-15-09-2025
2025-08-28 12:00:47,901 - INFO -   - Dia: dia-19-09-2025
2025-08-28 12:00:50,073 - INFO -   - Dia: dia-20-09-2025
2025-08-28 12:00:51,197 - INFO -   - Dia: dia-22-09-2025
2025-08-28 12:00:53,497 - INFO -   - Dia: dia-24-09-2025
2025-08-28 12:00:55,235 - INFO -   - Dia: dia-25-09-2025
2025-08-28 12:00:57,327 - INFO -   - Dia: dia-30-09-2025
2025-08-28 12:00:58,506 - INFO - Dados salvos com sucesso em '../data/transformed/teste15_agenda_tributaria_2025.json'.
2025-08-28 13:06:30,377 - INFO - Iniciando o processamento do Web Scrapping da Agenda Tributária do ano de 2025
2025-08-28 13:06:32,766 - INFO - Processando mês: janeiro
2025-08-28 13:06:34,113 - INFO -   - Dia: dia-06-01-2025
2025-08-28 13:06:36,359 - INFO -   - Dia: dia-08-01-2025
2025-08-28 13:06:37,568 - INFO -   - Dia: dia-10-01-2025
2025-08-28 13:06:38,737 - INFO -   - Dia: dia-15-01-2025
2025-08-28 13:06:39,871 - INFO -   - Dia: dia-20-01-2025
2025-08-28 13:06:41,015 - INFO -   - Dia: dia-22-01-2025
2025-08-28 13:06:43,012 - INFO -   - Dia: dia-23-01-2025
2025-08-28 13:06:45,552 - INFO -   - Dia: dia-24-01-2025
2025-08-28 13:06:46,728 - INFO -   - Dia: dia-27-01-2025
2025-08-28 13:06:48,706 - INFO -   - Dia: dia-31-01-2025
2025-08-28 13:06:50,897 - INFO - Processando mês: fevereiro
2025-08-28 13:06:52,007 - INFO -   - Dia: dia-05-02-2025
2025-08-28 13:07:29,277 - INFO -   - Dia: dia-07-02-2025
2025-08-28 13:07:31,264 - INFO -   - Dia: dia-10-02-2025
2025-08-28 13:07:32,422 - INFO -   - Dia: dia-13-02-2025
2025-08-28 13:07:34,410 - INFO -   - Dia: dia-14-02-2025
2025-08-28 13:07:35,567 - INFO -   - Dia: dia-17-02-2025
2025-08-28 13:07:36,687 - INFO -   - Dia: dia-20-02-2025
2025-08-28 13:07:37,819 - INFO -   - Dia: dia-21-02-2025
2025-08-28 13:07:38,936 - INFO -   - Dia: dia-25-02-2025
2025-08-28 13:07:40,170 - INFO -   - Dia: dia-28-02-2025
2025-08-28 13:07:44,927 - INFO - Processando mês: marco
2025-08-28 13:07:46,475 - INFO -   - Dia: dia-05-03-2025
2025-08-28 13:07:47,650 - INFO -   - Dia: dia-07-03-2025
2025-08-28 13:07:48,804 - INFO -   - Dia: dia-10-03-2025
2025-08-28 13:07:50,395 - INFO -   - Dia: dia-11-03-2025
2025-08-28 13:07:51,557 - INFO -   - Dia: dia-13-03-2025
2025-08-28 13:07:52,698 - INFO -   - Dia: dia-14-03-2025
2025-08-28 13:07:53,847 - INFO -   - Dia: dia-17-03-2025
2025-08-28 13:07:54,993 - INFO -   - Dia: dia-18-03-2025
2025-08-28 13:07:56,094 - INFO -   - Dia: dia-20-03-2025
2025-08-28 13:07:57,217 - INFO -   - Dia: dia-25-03-2025
2025-08-28 13:07:58,352 - INFO -   - Dia: dia-31-03-2025
2025-08-28 13:08:00,410 - INFO - Processando mês: abril
2025-08-28 13:08:01,524 - INFO -   - Dia: dia-03-04-2025
2025-08-28 13:08:02,712 - INFO -   - Dia: dia-07-04-2025
2025-08-28 13:08:03,824 - INFO -   - Dia: dia-10-04-2025
2025-08-28 13:08:06,082 - INFO -   - Dia: dia-14-04-2025
2025-08-28 13:08:07,752 - INFO -   - Dia: dia-15-04-2025
2025-08-28 13:08:08,925 - INFO -   - Dia: dia-17-04-2025
2025-08-28 13:08:10,089 - INFO -   - Dia: dia-20-04-2025
2025-08-28 13:08:11,191 - INFO -   - Dia: dia-22-04-2025
2025-08-28 13:08:12,722 - INFO -   - Dia: dia-24-04-2025
2025-08-28 13:08:13,874 - INFO -   - Dia: dia-25-04-2025
2025-08-28 13:08:16,181 - INFO -   - Dia: dia-30-04-2025
2025-08-28 13:08:17,415 - INFO - Processando mês: maio
2025-08-28 13:08:18,526 - INFO -   - Dia: dia-05-05-2025
2025-08-28 13:08:20,557 - INFO -   - Dia: dia-06-05-2025
2025-08-28 13:08:21,718 - INFO -   - Dia: dia-08-05-2025
2025-08-28 13:08:23,315 - INFO -   - Dia: dia-09-05-2025
2025-08-28 13:08:24,445 - INFO -   - Dia: dia-14-05-2025
2025-08-28 13:08:25,618 - INFO -   - Dia: dia-15-05-2025
2025-08-28 13:08:26,731 - INFO -   - Dia: dia-20-05-2025
2025-08-28 13:08:28,867 - INFO -   - Dia: dia-23-05-2025
2025-08-28 13:08:31,282 - INFO -   - Dia: dia-26-05-2025
2025-08-28 13:08:32,688 - INFO -   - Dia: dia-30-05-2025
2025-08-28 13:08:34,905 - INFO -   - Dia: dia-31-05-2025
2025-08-28 13:08:36,080 - INFO - Processando mês: junho
2025-08-28 13:08:37,207 - INFO -   - Dia: dia-04-06-2025
2025-08-28 13:08:39,332 - INFO -   - Dia: dia-05-06-2025
2025-08-28 13:08:41,454 - INFO -   - Dia: dia-06-06-2025
2025-08-28 13:08:42,576 - INFO -   - Dia: dia-10-06-2025
2025-08-28 13:08:43,697 - INFO -   - Dia: dia-13-06-2025
2025-08-28 13:08:44,817 - INFO -   - Dia: dia-16-06-2025
2025-08-28 13:08:46,031 - INFO -   - Dia: dia-20-06-2025
2025-08-28 13:08:47,165 - INFO -   - Dia: dia-25-06-2025
2025-08-28 13:08:48,281 - INFO -   - Dia: dia-30-06-2025
2025-08-28 13:08:49,430 - INFO - Processando mês: julho
2025-08-28 13:08:50,581 - INFO -   - Dia: dia-03-07-2025
2025-08-28 13:08:51,758 - INFO -   - Dia: dia-07-07-2025
2025-08-28 13:08:56,564 - INFO -   - Dia: dia-10-07-2025
2025-08-28 13:08:58,767 - INFO -   - Dia: dia-14-07-2025
2025-08-28 13:09:00,243 - INFO -   - Dia: dia-15-07-2025
2025-08-28 13:09:01,440 - INFO -   - Dia: dia-18-07-2025
2025-08-28 13:09:03,565 - INFO -   - Dia: dia-20-07-2025
2025-08-28 13:09:05,531 - INFO -   - Dia: dia-21-07-2025
2025-08-28 13:09:07,548 - INFO -   - Dia: dia-23-07-2025
2025-08-28 13:09:08,708 - INFO -   - Dia: dia-25-07-2025
2025-08-28 13:09:09,830 - INFO -   - Dia: dia-31-07-2025
2025-08-28 13:09:10,974 - INFO - Processando mês: agosto
2025-08-28 13:09:12,090 - INFO -   - Dia: dia-05-08-2025
2025-08-28 13:09:14,124 - INFO -   - Dia: dia-08-08-2025
2025-08-28 13:09:15,593 - INFO -   - Dia: dia-13-08-2025
2025-08-28 13:09:19,129 - INFO -   - Dia: dia-14-08-2025
2025-08-28 13:09:20,520 - INFO -   - Dia: dia-15-08-2025
2025-08-28 13:09:21,680 - INFO -   - Dia: dia-20-08-2025
2025-08-28 13:09:22,816 - INFO -   - Dia: dia-25-08-2025
2025-08-28 13:09:23,939 - INFO -   - Dia: dia-29-08-2025
2025-08-28 13:09:25,175 - INFO - Processando mês: setembro
2025-08-28 13:09:26,354 - INFO -   - Dia: dia-03-09-2025
2025-08-28 13:09:27,455 - INFO -   - Dia: dia-05-09-2025
2025-08-28 13:09:29,056 - INFO -   - Dia: dia-10-09-2025
2025-08-28 13:09:30,171 - INFO -   - Dia: dia-12-09-2025
2025-08-28 13:09:31,313 - INFO -   - Dia: dia-15-09-2025
2025-08-28 13:09:33,392 - INFO -   - Dia: dia-19-09-2025
2025-08-28 13:09:34,579 - INFO -   - Dia: dia-20-09-2025
2025-08-28 13:09:35,681 - INFO -   - Dia: dia-22-09-2025
2025-08-28 13:09:36,813 - INFO -   - Dia: dia-24-09-2025
2025-08-28 13:09:38,795 - INFO -   - Dia: dia-25-09-2025
2025-08-28 13:09:43,203 - INFO -   - Dia: dia-30-09-2025
2025-08-28 13:09:44,414 - INFO - Dados salvos com sucesso em '../data/transformed/teste15_agenda_tributaria_2025.json'.
2025-08-28 13:10:24,918 - INFO - ================================================================================
2025-08-28 13:10:24,918 - INFO - Iniciando o processamento do Web Scrapping da Agenda Tributária do ano de 2025
2025-08-28 13:10:24,918 - INFO - ================================================================================
2025-08-28 13:10:25,188 - INFO - Processando mês: janeiro
2025-08-28 13:10:26,334 - INFO -   - Dia: dia-06-01-2025
2025-08-28 13:10:29,349 - INFO -   - Dia: dia-08-01-2025
2025-08-28 13:10:30,541 - INFO -   - Dia: dia-10-01-2025
2025-08-28 13:10:31,722 - INFO -   - Dia: dia-15-01-2025
2025-08-28 13:10:32,853 - INFO -   - Dia: dia-20-01-2025
2025-08-28 13:10:35,384 - INFO -   - Dia: dia-22-01-2025
2025-08-28 13:10:36,528 - INFO -   - Dia: dia-23-01-2025
2025-08-28 13:10:37,698 - INFO -   - Dia: dia-24-01-2025
2025-08-28 13:10:39,764 - INFO -   - Dia: dia-27-01-2025
2025-08-28 13:10:40,923 - INFO -   - Dia: dia-31-01-2025
2025-08-28 13:10:42,076 - INFO - Processando mês: fevereiro
2025-08-28 13:10:43,271 - INFO -   - Dia: dia-05-02-2025
2025-08-28 13:10:44,535 - INFO -   - Dia: dia-07-02-2025
2025-08-28 13:10:47,027 - INFO -   - Dia: dia-10-02-2025
2025-08-28 13:10:51,125 - INFO -   - Dia: dia-13-02-2025
2025-08-28 13:10:53,786 - INFO -   - Dia: dia-14-02-2025
2025-08-28 13:10:56,086 - INFO -   - Dia: dia-17-02-2025
2025-08-28 13:10:58,287 - INFO -   - Dia: dia-20-02-2025
2025-08-28 13:10:59,477 - INFO -   - Dia: dia-21-02-2025
2025-08-28 13:11:01,521 - INFO -   - Dia: dia-25-02-2025
2025-08-28 13:11:02,780 - INFO -   - Dia: dia-28-02-2025
2025-08-28 13:11:03,999 - INFO - Processando mês: marco
2025-08-28 13:11:05,132 - INFO -   - Dia: dia-05-03-2025
2025-08-28 13:11:06,849 - INFO -   - Dia: dia-07-03-2025
2025-08-28 13:11:07,966 - INFO -   - Dia: dia-10-03-2025
2025-08-28 13:11:09,079 - INFO -   - Dia: dia-11-03-2025
2025-08-28 13:11:10,346 - INFO -   - Dia: dia-13-03-2025
2025-08-28 13:11:11,601 - INFO -   - Dia: dia-14-03-2025
2025-08-28 13:11:12,751 - INFO -   - Dia: dia-17-03-2025
2025-08-28 13:11:13,873 - INFO -   - Dia: dia-18-03-2025
2025-08-28 13:11:17,365 - INFO -   - Dia: dia-20-03-2025
2025-08-28 13:11:19,463 - INFO -   - Dia: dia-25-03-2025
2025-08-28 13:11:20,602 - INFO -   - Dia: dia-31-03-2025
2025-08-28 13:11:22,800 - INFO - Processando mês: abril
2025-08-28 13:11:23,950 - INFO -   - Dia: dia-03-04-2025
2025-08-28 13:11:25,082 - INFO -   - Dia: dia-07-04-2025
2025-08-28 13:11:26,483 - INFO -   - Dia: dia-10-04-2025
2025-08-28 13:11:27,599 - INFO -   - Dia: dia-14-04-2025
2025-08-28 13:11:28,703 - INFO -   - Dia: dia-15-04-2025
2025-08-28 13:11:30,923 - INFO -   - Dia: dia-17-04-2025
2025-08-28 13:11:32,070 - INFO -   - Dia: dia-20-04-2025
2025-08-28 13:11:33,170 - INFO -   - Dia: dia-22-04-2025
2025-08-28 13:11:35,202 - INFO -   - Dia: dia-24-04-2025
2025-08-28 13:11:38,038 - INFO -   - Dia: dia-25-04-2025
2025-08-28 13:11:41,154 - INFO -   - Dia: dia-30-04-2025
2025-08-28 13:11:42,583 - INFO - Processando mês: maio
2025-08-28 13:11:43,763 - INFO -   - Dia: dia-05-05-2025
2025-08-28 13:11:44,948 - INFO -   - Dia: dia-06-05-2025
2025-08-28 13:11:46,097 - INFO -   - Dia: dia-08-05-2025
2025-08-28 13:11:47,347 - INFO -   - Dia: dia-09-05-2025
2025-08-28 13:11:49,364 - INFO -   - Dia: dia-14-05-2025
2025-08-28 13:11:50,736 - INFO -   - Dia: dia-15-05-2025
2025-08-28 13:11:52,014 - INFO -   - Dia: dia-20-05-2025
2025-08-28 13:11:53,283 - INFO -   - Dia: dia-23-05-2025
2025-08-28 13:11:54,566 - INFO -   - Dia: dia-26-05-2025
2025-08-28 13:11:57,057 - INFO -   - Dia: dia-30-05-2025
2025-08-28 13:11:58,326 - INFO -   - Dia: dia-31-05-2025
2025-08-28 13:12:00,415 - INFO - Processando mês: junho
2025-08-28 13:12:03,311 - INFO -   - Dia: dia-04-06-2025
2025-08-28 13:12:04,493 - INFO -   - Dia: dia-05-06-2025
2025-08-28 13:12:05,611 - INFO -   - Dia: dia-06-06-2025
2025-08-28 13:12:06,738 - INFO -   - Dia: dia-10-06-2025
2025-08-28 13:12:07,868 - INFO -   - Dia: dia-13-06-2025
2025-08-28 13:12:09,028 - INFO -   - Dia: dia-16-06-2025
2025-08-28 13:12:10,260 - INFO -   - Dia: dia-20-06-2025
2025-08-28 13:12:11,946 - INFO -   - Dia: dia-25-06-2025
2025-08-28 13:12:14,052 - INFO -   - Dia: dia-30-06-2025
2025-08-28 13:12:16,284 - INFO - Processando mês: julho
2025-08-28 13:12:18,404 - INFO -   - Dia: dia-03-07-2025
2025-08-28 13:12:19,591 - INFO -   - Dia: dia-07-07-2025
2025-08-28 13:12:21,754 - INFO -   - Dia: dia-10-07-2025
2025-08-28 13:12:22,987 - INFO -   - Dia: dia-14-07-2025
2025-08-28 13:12:24,240 - INFO -   - Dia: dia-15-07-2025
2025-08-28 13:12:28,448 - INFO -   - Dia: dia-18-07-2025
2025-08-28 13:12:30,455 - INFO -   - Dia: dia-20-07-2025
2025-08-28 13:12:31,578 - INFO -   - Dia: dia-21-07-2025
2025-08-28 13:12:32,752 - INFO -   - Dia: dia-23-07-2025
2025-08-28 13:12:35,379 - INFO -   - Dia: dia-25-07-2025
2025-08-28 13:12:36,501 - INFO -   - Dia: dia-31-07-2025
2025-08-28 13:12:37,661 - INFO - Processando mês: agosto
2025-08-28 13:12:38,817 - INFO -   - Dia: dia-05-08-2025
2025-08-28 13:12:40,809 - INFO -   - Dia: dia-08-08-2025
2025-08-28 13:12:42,017 - INFO -   - Dia: dia-13-08-2025
2025-08-28 13:12:43,164 - INFO -   - Dia: dia-14-08-2025
2025-08-28 13:12:44,853 - INFO -   - Dia: dia-15-08-2025
2025-08-28 13:12:45,984 - INFO -   - Dia: dia-20-08-2025
2025-08-28 13:12:47,124 - INFO -   - Dia: dia-25-08-2025
2025-08-28 13:12:49,497 - INFO -   - Dia: dia-29-08-2025
2025-08-28 13:12:51,703 - INFO - Processando mês: setembro
2025-08-28 13:12:53,035 - INFO -   - Dia: dia-03-09-2025
2025-08-28 13:12:54,287 - INFO -   - Dia: dia-05-09-2025
2025-08-28 13:12:56,376 - INFO -   - Dia: dia-10-09-2025
2025-08-28 13:12:58,634 - INFO -   - Dia: dia-12-09-2025
2025-08-28 13:12:59,742 - INFO -   - Dia: dia-15-09-2025
2025-08-28 13:13:00,893 - INFO -   - Dia: dia-19-09-2025
2025-08-28 13:13:02,982 - INFO -   - Dia: dia-20-09-2025
2025-08-28 13:13:04,148 - INFO -   - Dia: dia-22-09-2025
2025-08-28 13:13:05,285 - INFO -   - Dia: dia-24-09-2025
2025-08-28 13:13:06,411 - INFO -   - Dia: dia-25-09-2025
2025-08-28 13:13:07,525 - INFO -   - Dia: dia-30-09-2025
2025-08-28 13:13:09,648 - INFO - --------------------------------------------------------------------------------
2025-08-28 13:13:09,649 - INFO - Finalizado o processamento da Agenda Tributária do ano de 2025
2025-08-28 13:13:09,649 - INFO - --------------------------------------------------------------------------------
2025-08-28 13:13:09,677 - INFO - Dados salvos com sucesso em '../data/transformed/teste15_agenda_tributaria_2025.json'.
2025-08-28 13:34:22,968 - INFO - ================================================================================
2025-08-28 13:34:22,981 - INFO - Iniciando o processamento do Web Scrapping da Agenda Tributária do ano de 2025
2025-08-28 13:34:22,983 - INFO - ================================================================================
2025-08-28 13:34:24,003 - INFO - Processando mês: janeiro
2025-08-28 13:34:25,783 - INFO -   - Dia: dia-06-01-2025
2025-08-28 13:34:27,293 - INFO -   - Dia: dia-08-01-2025
2025-08-28 13:34:28,717 - INFO -   - Dia: dia-10-01-2025
2025-08-28 13:34:30,681 - INFO -   - Dia: dia-15-01-2025
2025-08-28 13:34:32,784 - INFO -   - Dia: dia-20-01-2025
2025-08-28 13:34:35,363 - INFO -   - Dia: dia-22-01-2025
2025-08-28 13:34:38,255 - INFO -   - Dia: dia-23-01-2025
2025-08-28 13:34:40,758 - INFO -   - Dia: dia-24-01-2025
2025-08-28 13:34:42,097 - INFO -   - Dia: dia-27-01-2025
2025-08-28 13:34:43,521 - INFO -   - Dia: dia-31-01-2025
2025-08-28 13:34:44,709 - INFO - Processando mês: fevereiro
2025-08-28 13:34:47,682 - INFO -   - Dia: dia-05-02-2025
2025-08-28 13:34:50,113 - INFO -   - Dia: dia-07-02-2025
2025-08-28 13:34:51,348 - INFO -   - Dia: dia-10-02-2025
2025-08-28 13:34:52,462 - INFO -   - Dia: dia-13-02-2025
2025-08-28 13:34:53,608 - INFO -   - Dia: dia-14-02-2025
2025-08-28 13:34:54,793 - INFO -   - Dia: dia-17-02-2025
2025-08-28 13:34:55,933 - INFO -   - Dia: dia-20-02-2025
2025-08-28 13:34:57,060 - INFO -   - Dia: dia-21-02-2025
2025-08-28 13:34:59,038 - INFO -   - Dia: dia-25-02-2025
2025-08-28 13:35:00,208 - INFO -   - Dia: dia-28-02-2025
2025-08-28 13:35:01,408 - INFO - Processando mês: marco
2025-08-28 13:35:02,536 - INFO -   - Dia: dia-05-03-2025
2025-08-28 13:35:03,687 - INFO -   - Dia: dia-07-03-2025
2025-08-28 13:35:04,805 - INFO -   - Dia: dia-10-03-2025
2025-08-28 13:35:06,059 - INFO -   - Dia: dia-11-03-2025
2025-08-28 13:35:07,176 - INFO -   - Dia: dia-13-03-2025
2025-08-28 13:35:08,309 - INFO -   - Dia: dia-14-03-2025
2025-08-28 13:35:12,984 - INFO -   - Dia: dia-17-03-2025
2025-08-28 13:35:15,010 - INFO -   - Dia: dia-18-03-2025
2025-08-28 13:35:16,125 - INFO -   - Dia: dia-20-03-2025
2025-08-28 13:35:17,329 - INFO -   - Dia: dia-25-03-2025
2025-08-28 13:35:18,656 - INFO -   - Dia: dia-31-03-2025
2025-08-28 13:35:19,875 - INFO - Processando mês: abril
2025-08-28 13:35:21,021 - INFO -   - Dia: dia-03-04-2025
2025-08-28 13:35:23,192 - INFO -   - Dia: dia-07-04-2025
2025-08-28 13:35:25,610 - INFO -   - Dia: dia-10-04-2025
2025-08-28 13:35:26,784 - INFO -   - Dia: dia-14-04-2025
2025-08-28 13:35:28,175 - INFO -   - Dia: dia-15-04-2025
2025-08-28 13:35:29,426 - INFO -   - Dia: dia-17-04-2025
2025-08-28 13:35:30,597 - INFO -   - Dia: dia-20-04-2025
2025-08-28 13:35:31,779 - INFO -   - Dia: dia-22-04-2025
2025-08-28 13:35:34,057 - INFO -   - Dia: dia-24-04-2025
2025-08-28 13:35:35,333 - INFO -   - Dia: dia-25-04-2025
2025-08-28 13:35:36,644 - INFO -   - Dia: dia-30-04-2025
2025-08-28 13:35:37,890 - INFO - Processando mês: maio
2025-08-28 13:35:39,107 - INFO -   - Dia: dia-05-05-2025
2025-08-28 13:35:40,297 - INFO -   - Dia: dia-06-05-2025
2025-08-28 13:35:43,659 - INFO -   - Dia: dia-08-05-2025
2025-08-28 13:35:44,925 - INFO -   - Dia: dia-09-05-2025
2025-08-28 13:35:48,796 - INFO -   - Dia: dia-14-05-2025
2025-08-28 13:35:49,965 - INFO -   - Dia: dia-15-05-2025
2025-08-28 13:35:51,181 - INFO -   - Dia: dia-20-05-2025
2025-08-28 13:35:52,434 - INFO -   - Dia: dia-23-05-2025
2025-08-28 13:35:54,441 - INFO -   - Dia: dia-26-05-2025
2025-08-28 13:35:56,973 - INFO -   - Dia: dia-30-05-2025
2025-08-28 13:35:58,562 - INFO -   - Dia: dia-31-05-2025
2025-08-28 13:35:59,800 - INFO - Processando mês: junho
2025-08-28 13:36:00,947 - INFO -   - Dia: dia-04-06-2025
2025-08-28 13:36:02,126 - INFO -   - Dia: dia-05-06-2025
2025-08-28 13:36:03,356 - INFO -   - Dia: dia-06-06-2025
2025-08-28 13:36:04,498 - INFO -   - Dia: dia-10-06-2025
2025-08-28 13:36:05,655 - INFO -   - Dia: dia-13-06-2025
2025-08-28 13:36:07,872 - INFO -   - Dia: dia-16-06-2025
2025-08-28 13:36:09,151 - INFO -   - Dia: dia-20-06-2025
2025-08-28 13:36:10,329 - INFO -   - Dia: dia-25-06-2025
2025-08-28 13:36:11,527 - INFO -   - Dia: dia-30-06-2025
2025-08-28 13:36:12,709 - INFO - Processando mês: julho
2025-08-28 13:36:13,964 - INFO -   - Dia: dia-03-07-2025
2025-08-28 13:36:15,725 - INFO -   - Dia: dia-07-07-2025
2025-08-28 13:36:16,865 - INFO -   - Dia: dia-10-07-2025
2025-08-28 13:36:18,094 - INFO -   - Dia: dia-14-07-2025
2025-08-28 13:36:19,242 - INFO -   - Dia: dia-15-07-2025
2025-08-28 13:36:22,168 - INFO -   - Dia: dia-18-07-2025
2025-08-28 13:36:23,752 - INFO -   - Dia: dia-20-07-2025
2025-08-28 13:36:25,222 - INFO -   - Dia: dia-21-07-2025
2025-08-28 13:36:26,457 - INFO -   - Dia: dia-23-07-2025
2025-08-28 13:36:28,500 - INFO -   - Dia: dia-25-07-2025
2025-08-28 13:36:29,687 - INFO -   - Dia: dia-31-07-2025
2025-08-28 13:36:31,001 - INFO - Processando mês: agosto
2025-08-28 13:36:32,228 - INFO -   - Dia: dia-05-08-2025
2025-08-28 13:36:33,685 - INFO -   - Dia: dia-08-08-2025
2025-08-28 13:36:34,859 - INFO -   - Dia: dia-13-08-2025
2025-08-28 13:36:36,093 - INFO -   - Dia: dia-14-08-2025
2025-08-28 13:36:37,302 - INFO -   - Dia: dia-15-08-2025
2025-08-28 13:36:39,449 - INFO -   - Dia: dia-20-08-2025
2025-08-28 13:36:40,682 - INFO -   - Dia: dia-25-08-2025
2025-08-28 13:36:42,037 - INFO -   - Dia: dia-29-08-2025
2025-08-28 13:36:45,202 - INFO - Processando mês: setembro
2025-08-28 13:36:46,392 - INFO -   - Dia: dia-03-09-2025
2025-08-28 13:36:48,178 - INFO -   - Dia: dia-05-09-2025
2025-08-28 13:36:49,471 - INFO -   - Dia: dia-10-09-2025
2025-08-28 13:36:50,605 - INFO -   - Dia: dia-12-09-2025
2025-08-28 13:36:51,917 - INFO -   - Dia: dia-15-09-2025
2025-08-28 13:36:53,064 - INFO -   - Dia: dia-19-09-2025
2025-08-28 13:36:54,205 - INFO -   - Dia: dia-20-09-2025
2025-08-28 13:36:55,366 - INFO -   - Dia: dia-22-09-2025
2025-08-28 13:36:56,491 - INFO -   - Dia: dia-24-09-2025
2025-08-28 13:36:57,612 - INFO -   - Dia: dia-25-09-2025
2025-08-28 13:36:58,751 - INFO -   - Dia: dia-30-09-2025
2025-08-28 13:37:01,150 - INFO - --------------------------------------------------------------------------------
2025-08-28 13:37:01,150 - INFO - Finalizado o processamento da Agenda Tributária do ano de 2025
2025-08-28 13:37:01,150 - INFO - --------------------------------------------------------------------------------
2025-08-28 13:37:01,168 - ERROR - ❌ Erro de validação no JSON: [{'tipo': 'declaracao_imovel_rural', 'codigo_darf': None, 'codigo_gps': None, 'documento': None, 'descricao': 'DITR - Declaração do Imposto sobre a Propriedade Territorial Rural', 'periodo_fato_gerador': 'Exercício - 2025'}] is not of type 'object'
Traceback (most recent call last):
  File "/home/wsl/AluraProjetos/alura-engenharia-dados/pipeline-agenda-tributaria/scripts/agenda_scrapper.py", line 203, in salvar_json
    validate(instance=estrutura_final, schema=agenda_schema)
  File "/home/wsl/.pyenv/versions/3.11.9/lib/python3.11/site-packages/jsonschema/validators.py", line 1332, in validate
    raise error
jsonschema.exceptions.ValidationError: [{'tipo': 'declaracao_imovel_rural', 'codigo_darf': None, 'codigo_gps': None, 'documento': None, 'descricao': 'DITR - Declaração do Imposto sobre a Propriedade Territorial Rural', 'periodo_fato_gerador': 'Exercício - 2025'}] is not of type 'object'

Failed validating 'type' in schema['properties']['meses']['additionalProperties']['properties']['dias']['additionalProperties']['properties']['eventos']['items']:
    {'type': 'object',
     'properties': {'tipo': {'type': 'string'},
                    'codigo_darf': {'type': ['string', 'null']},
                    'codigo_gps': {'type': ['string', 'null']},
                    'documento': {'type': ['string', 'null']},
                    'descricao': {'type': 'string'},
                    'periodo_fato_gerador': {'type': ['string', 'null']}},
     'required': ['tipo', 'descricao']}

On instance['meses']['setembro']['dias']['dia-30-09-2025']['eventos'][5]:
    [{'tipo': 'declaracao_imovel_rural',
      'codigo_darf': None,
      'codigo_gps': None,
      'documento': None,
      'descricao': 'DITR - Declaração do Imposto sobre a Propriedade '
                   'Territorial Rural',
      'periodo_fato_gerador': 'Exercício - 2025'}]
2025-08-28 14:05:35,117 - INFO - ================================================================================
2025-08-28 14:05:35,117 - INFO - Iniciando o processamento do Web Scrapping da Agenda Tributária do ano de 2025
2025-08-28 14:05:35,117 - INFO - ================================================================================
2025-08-28 14:05:35,267 - INFO - Processando mês: janeiro
2025-08-28 14:05:36,399 - INFO -   - Dia: dia-06-01-2025
2025-08-28 14:05:37,527 - INFO -   - Dia: dia-08-01-2025
2025-08-28 14:05:38,744 - INFO -   - Dia: dia-10-01-2025
2025-08-28 14:05:52,781 - INFO - ================================================================================
2025-08-28 14:05:52,782 - INFO - Iniciando o processamento do Web Scrapping da Agenda Tributária do ano de 2025
2025-08-28 14:05:52,782 - INFO - ================================================================================
2025-08-28 14:05:55,098 - INFO - Processando mês: janeiro
2025-08-28 14:05:56,389 - INFO -   - Dia: dia-06-01-2025
2025-08-28 14:05:57,592 - INFO -   - Dia: dia-08-01-2025
2025-08-28 14:05:58,715 - INFO -   - Dia: dia-10-01-2025
2025-08-28 14:05:59,878 - INFO -   - Dia: dia-15-01-2025
2025-08-28 14:06:01,053 - INFO -   - Dia: dia-20-01-2025
2025-08-28 14:06:02,175 - INFO -   - Dia: dia-22-01-2025
2025-08-28 14:06:03,287 - INFO -   - Dia: dia-23-01-2025
2025-08-28 14:06:04,449 - INFO -   - Dia: dia-24-01-2025
2025-08-28 14:06:05,600 - INFO -   - Dia: dia-27-01-2025
2025-08-28 14:06:06,708 - INFO -   - Dia: dia-31-01-2025
2025-08-28 14:06:08,494 - INFO - Processando mês: fevereiro
2025-08-28 14:06:09,640 - INFO -   - Dia: dia-05-02-2025
2025-08-28 14:06:10,816 - INFO -   - Dia: dia-07-02-2025
2025-08-28 14:06:11,959 - INFO -   - Dia: dia-10-02-2025
2025-08-28 14:06:13,934 - INFO -   - Dia: dia-13-02-2025
2025-08-28 14:06:15,220 - INFO -   - Dia: dia-14-02-2025
2025-08-28 14:06:17,757 - INFO -   - Dia: dia-17-02-2025
2025-08-28 14:06:18,872 - INFO -   - Dia: dia-20-02-2025
2025-08-28 14:06:19,995 - INFO -   - Dia: dia-21-02-2025
2025-08-28 14:06:21,289 - INFO -   - Dia: dia-25-02-2025
2025-08-28 14:06:22,471 - INFO -   - Dia: dia-28-02-2025
2025-08-28 14:06:23,629 - INFO - Processando mês: marco
2025-08-28 14:06:24,770 - INFO -   - Dia: dia-05-03-2025
2025-08-28 14:06:26,553 - INFO -   - Dia: dia-07-03-2025
2025-08-28 14:06:27,680 - INFO -   - Dia: dia-10-03-2025
2025-08-28 14:06:29,819 - INFO -   - Dia: dia-11-03-2025
2025-08-28 14:06:30,936 - INFO -   - Dia: dia-13-03-2025
2025-08-28 14:06:32,050 - INFO -   - Dia: dia-14-03-2025
2025-08-28 14:06:33,182 - INFO -   - Dia: dia-17-03-2025
2025-08-28 14:06:34,370 - INFO -   - Dia: dia-18-03-2025
2025-08-28 14:06:35,500 - INFO -   - Dia: dia-20-03-2025
2025-08-28 14:06:36,629 - INFO -   - Dia: dia-25-03-2025
2025-08-28 14:06:38,869 - INFO -   - Dia: dia-31-03-2025
2025-08-28 14:06:43,194 - INFO - Processando mês: abril
2025-08-28 14:06:44,558 - INFO -   - Dia: dia-03-04-2025
2025-08-28 14:06:45,781 - INFO -   - Dia: dia-07-04-2025
2025-08-28 14:06:47,768 - INFO -   - Dia: dia-10-04-2025
2025-08-28 14:06:48,914 - INFO -   - Dia: dia-14-04-2025
2025-08-28 14:06:50,092 - INFO -   - Dia: dia-15-04-2025
2025-08-28 14:06:51,274 - INFO -   - Dia: dia-17-04-2025
2025-08-28 14:06:52,403 - INFO -   - Dia: dia-20-04-2025
2025-08-28 14:06:54,453 - INFO -   - Dia: dia-22-04-2025
2025-08-28 14:06:55,587 - INFO -   - Dia: dia-24-04-2025
2025-08-28 14:06:56,781 - INFO -   - Dia: dia-25-04-2025
2025-08-28 14:06:58,142 - INFO -   - Dia: dia-30-04-2025
2025-08-28 14:07:00,025 - INFO - Processando mês: maio
2025-08-28 14:07:01,193 - INFO -   - Dia: dia-05-05-2025
2025-08-28 14:07:04,269 - INFO -   - Dia: dia-06-05-2025
2025-08-28 14:07:07,021 - INFO -   - Dia: dia-08-05-2025
2025-08-28 14:07:09,278 - INFO -   - Dia: dia-09-05-2025
2025-08-28 14:07:10,481 - INFO -   - Dia: dia-14-05-2025
2025-08-28 14:07:11,605 - INFO -   - Dia: dia-15-05-2025
2025-08-28 14:07:12,726 - INFO -   - Dia: dia-20-05-2025
2025-08-28 14:07:13,919 - INFO -   - Dia: dia-23-05-2025
2025-08-28 14:07:15,105 - INFO -   - Dia: dia-26-05-2025
2025-08-28 14:07:17,188 - INFO -   - Dia: dia-30-05-2025
2025-08-28 14:07:19,539 - INFO -   - Dia: dia-31-05-2025
2025-08-28 14:07:20,852 - INFO - Processando mês: junho
2025-08-28 14:07:22,905 - INFO -   - Dia: dia-04-06-2025
2025-08-28 14:07:26,044 - INFO -   - Dia: dia-05-06-2025
2025-08-28 14:07:29,830 - INFO -   - Dia: dia-06-06-2025
2025-08-28 14:07:30,988 - INFO -   - Dia: dia-10-06-2025
2025-08-28 14:07:32,788 - INFO -   - Dia: dia-13-06-2025
2025-08-28 14:07:34,063 - INFO -   - Dia: dia-16-06-2025
2025-08-28 14:07:36,137 - INFO -   - Dia: dia-20-06-2025
2025-08-28 14:07:37,263 - INFO -   - Dia: dia-25-06-2025
2025-08-28 14:07:38,382 - INFO -   - Dia: dia-30-06-2025
2025-08-28 14:07:40,658 - INFO - Processando mês: julho
2025-08-28 14:07:41,775 - INFO -   - Dia: dia-03-07-2025
2025-08-28 14:07:42,943 - INFO -   - Dia: dia-07-07-2025
2025-08-28 14:07:44,070 - INFO -   - Dia: dia-10-07-2025
2025-08-28 14:07:45,233 - INFO -   - Dia: dia-14-07-2025
2025-08-28 14:07:46,357 - INFO -   - Dia: dia-15-07-2025
2025-08-28 14:07:47,473 - INFO -   - Dia: dia-18-07-2025
2025-08-28 14:07:48,601 - INFO -   - Dia: dia-20-07-2025
2025-08-28 14:07:49,800 - INFO -   - Dia: dia-21-07-2025
2025-08-28 14:07:52,938 - INFO -   - Dia: dia-23-07-2025
2025-08-28 14:07:54,088 - INFO -   - Dia: dia-25-07-2025
2025-08-28 14:07:55,237 - INFO -   - Dia: dia-31-07-2025
2025-08-28 14:07:56,424 - INFO - Processando mês: agosto
2025-08-28 14:07:57,563 - INFO -   - Dia: dia-05-08-2025
2025-08-28 14:07:58,756 - INFO -   - Dia: dia-08-08-2025
2025-08-28 14:08:00,804 - INFO -   - Dia: dia-13-08-2025
2025-08-28 14:08:02,992 - INFO -   - Dia: dia-14-08-2025
2025-08-28 14:08:04,125 - INFO -   - Dia: dia-15-08-2025
2025-08-28 14:08:05,877 - INFO -   - Dia: dia-20-08-2025
2025-08-28 14:08:07,054 - INFO -   - Dia: dia-25-08-2025
2025-08-28 14:08:08,284 - INFO -   - Dia: dia-29-08-2025
2025-08-28 14:08:10,349 - INFO - Processando mês: setembro
2025-08-28 14:08:11,458 - INFO -   - Dia: dia-03-09-2025
2025-08-28 14:08:12,569 - INFO -   - Dia: dia-05-09-2025
2025-08-28 14:08:13,712 - INFO -   - Dia: dia-10-09-2025
2025-08-28 14:08:17,923 - INFO -   - Dia: dia-12-09-2025
2025-08-28 14:08:19,090 - INFO -   - Dia: dia-15-09-2025
2025-08-28 14:08:20,290 - INFO -   - Dia: dia-19-09-2025
2025-08-28 14:08:21,427 - INFO -   - Dia: dia-20-09-2025
2025-08-28 14:08:23,420 - INFO -   - Dia: dia-22-09-2025
2025-08-28 14:08:24,594 - INFO -   - Dia: dia-24-09-2025
2025-08-28 14:08:26,579 - INFO -   - Dia: dia-25-09-2025
2025-08-28 14:08:27,706 - INFO -   - Dia: dia-30-09-2025
2025-08-28 14:08:28,908 - INFO - --------------------------------------------------------------------------------
2025-08-28 14:08:28,908 - INFO - Finalizado o processamento da Agenda Tributária do ano de 2025
2025-08-28 14:08:28,908 - INFO - --------------------------------------------------------------------------------
2025-08-28 14:08:28,952 - ERROR - ❌ Erro de validação no JSON: ['tipo', 'codigo_darf', 'codigo_gps', 'documento', 'descricao', 'periodo_fato_gerador'] is not of type 'object'
Traceback (most recent call last):
  File "/home/wsl/AluraProjetos/alura-engenharia-dados/pipeline-agenda-tributaria/scripts/agenda_scrapper.py", line 203, in salvar_json
    validate(instance=estrutura_final, schema=agenda_schema)
  File "/home/wsl/.pyenv/versions/3.11.9/lib/python3.11/site-packages/jsonschema/validators.py", line 1332, in validate
    raise error
jsonschema.exceptions.ValidationError: ['tipo', 'codigo_darf', 'codigo_gps', 'documento', 'descricao', 'periodo_fato_gerador'] is not of type 'object'

Failed validating 'type' in schema['properties']['meses']['additionalProperties']['properties']['dias']['additionalProperties']['properties']['eventos']['items']:
    {'type': 'object',
     'properties': {'tipo': {'type': 'string'},
                    'codigo_darf': {'type': ['string', 'null']},
                    'codigo_gps': {'type': ['string', 'null']},
                    'documento': {'type': ['string', 'null']},
                    'descricao': {'type': 'string'},
                    'periodo_fato_gerador': {'type': ['string', 'null']}},
     'required': ['tipo', 'descricao']}

On instance['meses']['setembro']['dias']['dia-30-09-2025']['eventos'][5]:
    ['tipo',
     'codigo_darf',
     'codigo_gps',
     'documento',
     'descricao',
     'periodo_fato_gerador']
2025-08-28 14:14:03,546 - INFO - ================================================================================
2025-08-28 14:14:03,546 - INFO - Iniciando o processamento do Web Scrapping da Agenda Tributária do ano de 2025
2025-08-28 14:14:03,547 - INFO - ================================================================================
2025-08-28 14:14:03,699 - INFO - Processando mês: janeiro
2025-08-28 14:14:04,828 - INFO -   - Dia: dia-06-01-2025
2025-08-28 14:14:06,546 - INFO -   - Dia: dia-08-01-2025
2025-08-28 14:14:10,036 - INFO -   - Dia: dia-10-01-2025
2025-08-28 14:14:11,238 - INFO -   - Dia: dia-15-01-2025
2025-08-28 14:14:12,398 - INFO -   - Dia: dia-20-01-2025
2025-08-28 14:14:13,531 - INFO -   - Dia: dia-22-01-2025
2025-08-28 14:14:14,686 - INFO -   - Dia: dia-23-01-2025
2025-08-28 14:14:15,878 - INFO -   - Dia: dia-24-01-2025
2025-08-28 14:14:17,003 - INFO -   - Dia: dia-27-01-2025
2025-08-28 14:14:18,109 - INFO -   - Dia: dia-31-01-2025
2025-08-28 14:14:19,263 - INFO - Processando mês: fevereiro
2025-08-28 14:14:20,395 - INFO -   - Dia: dia-05-02-2025
2025-08-28 14:14:21,573 - INFO -   - Dia: dia-07-02-2025
2025-08-28 14:14:22,819 - INFO -   - Dia: dia-10-02-2025
2025-08-28 14:14:23,984 - INFO -   - Dia: dia-13-02-2025
2025-08-28 14:14:25,108 - INFO -   - Dia: dia-14-02-2025
2025-08-28 14:14:27,209 - INFO -   - Dia: dia-17-02-2025
2025-08-28 14:14:28,451 - INFO -   - Dia: dia-20-02-2025
2025-08-28 14:14:29,614 - INFO -   - Dia: dia-21-02-2025
2025-08-28 14:14:33,081 - INFO -   - Dia: dia-25-02-2025
2025-08-28 14:14:35,250 - INFO -   - Dia: dia-28-02-2025
2025-08-28 14:14:36,391 - INFO - Processando mês: marco
2025-08-28 14:14:37,491 - INFO -   - Dia: dia-05-03-2025
2025-08-28 14:14:38,600 - INFO -   - Dia: dia-07-03-2025
2025-08-28 14:14:40,395 - INFO -   - Dia: dia-10-03-2025
2025-08-28 14:14:41,550 - INFO -   - Dia: dia-11-03-2025
2025-08-28 14:14:42,667 - INFO -   - Dia: dia-13-03-2025
2025-08-28 14:14:43,794 - INFO -   - Dia: dia-14-03-2025
2025-08-28 14:14:44,923 - INFO -   - Dia: dia-17-03-2025
2025-08-28 14:14:46,171 - INFO -   - Dia: dia-18-03-2025
2025-08-28 14:14:47,291 - INFO -   - Dia: dia-20-03-2025
2025-08-28 14:14:48,429 - INFO -   - Dia: dia-25-03-2025
2025-08-28 14:14:49,602 - INFO -   - Dia: dia-31-03-2025
2025-08-28 14:14:50,782 - INFO - Processando mês: abril
2025-08-28 14:14:52,753 - INFO -   - Dia: dia-03-04-2025
2025-08-28 14:14:54,967 - INFO -   - Dia: dia-07-04-2025
2025-08-28 14:14:57,056 - INFO -   - Dia: dia-10-04-2025
2025-08-28 14:14:58,264 - INFO -   - Dia: dia-14-04-2025
2025-08-28 14:14:59,441 - INFO -   - Dia: dia-15-04-2025
2025-08-28 14:15:00,591 - INFO -   - Dia: dia-17-04-2025
2025-08-28 14:15:01,703 - INFO -   - Dia: dia-20-04-2025
2025-08-28 14:15:02,837 - INFO -   - Dia: dia-22-04-2025
2025-08-28 14:15:04,012 - INFO -   - Dia: dia-24-04-2025
2025-08-28 14:15:05,159 - INFO -   - Dia: dia-25-04-2025
2025-08-28 14:15:07,258 - INFO -   - Dia: dia-30-04-2025
2025-08-28 14:15:08,415 - INFO - Processando mês: maio
2025-08-28 14:15:09,580 - INFO -   - Dia: dia-05-05-2025
2025-08-28 14:15:11,221 - INFO -   - Dia: dia-06-05-2025
2025-08-28 14:15:13,086 - INFO -   - Dia: dia-08-05-2025
2025-08-28 14:15:14,202 - INFO -   - Dia: dia-09-05-2025
2025-08-28 14:15:15,516 - INFO -   - Dia: dia-14-05-2025
2025-08-28 14:15:16,659 - INFO -   - Dia: dia-15-05-2025
2025-08-28 14:15:20,011 - INFO -   - Dia: dia-20-05-2025
2025-08-28 14:15:21,196 - INFO -   - Dia: dia-23-05-2025
2025-08-28 14:15:22,329 - INFO -   - Dia: dia-26-05-2025
2025-08-28 14:15:23,441 - INFO -   - Dia: dia-30-05-2025
2025-08-28 14:15:24,661 - INFO -   - Dia: dia-31-05-2025
2025-08-28 14:15:25,775 - INFO - Processando mês: junho
2025-08-28 14:15:26,985 - INFO -   - Dia: dia-04-06-2025
2025-08-28 14:15:28,109 - INFO -   - Dia: dia-05-06-2025
2025-08-28 14:15:30,241 - INFO -   - Dia: dia-06-06-2025
2025-08-28 14:15:31,347 - INFO -   - Dia: dia-10-06-2025
2025-08-28 14:15:32,504 - INFO -   - Dia: dia-13-06-2025
2025-08-28 14:15:34,570 - INFO -   - Dia: dia-16-06-2025
2025-08-28 14:15:35,688 - INFO -   - Dia: dia-20-06-2025
2025-08-28 14:15:36,813 - INFO -   - Dia: dia-25-06-2025
2025-08-28 14:15:39,010 - INFO -   - Dia: dia-30-06-2025
2025-08-28 14:15:40,149 - INFO - Processando mês: julho
2025-08-28 14:15:43,677 - INFO -   - Dia: dia-03-07-2025
2025-08-28 14:15:46,403 - INFO -   - Dia: dia-07-07-2025
2025-08-28 14:15:47,518 - INFO -   - Dia: dia-10-07-2025
2025-08-28 14:15:48,671 - INFO -   - Dia: dia-14-07-2025
2025-08-28 14:15:49,777 - INFO -   - Dia: dia-15-07-2025
2025-08-28 14:15:50,922 - INFO -   - Dia: dia-18-07-2025
2025-08-28 14:15:52,041 - INFO -   - Dia: dia-20-07-2025
2025-08-28 14:15:53,229 - INFO -   - Dia: dia-21-07-2025
2025-08-28 14:15:54,403 - INFO -   - Dia: dia-23-07-2025
2025-08-28 14:15:55,515 - INFO -   - Dia: dia-25-07-2025
2025-08-28 14:15:57,783 - INFO -   - Dia: dia-31-07-2025
2025-08-28 14:15:58,926 - INFO - Processando mês: agosto
2025-08-28 14:16:00,076 - INFO -   - Dia: dia-05-08-2025
2025-08-28 14:16:01,253 - INFO -   - Dia: dia-08-08-2025
2025-08-28 14:16:02,361 - INFO -   - Dia: dia-13-08-2025
2025-08-28 14:16:05,118 - INFO -   - Dia: dia-14-08-2025
2025-08-28 14:16:07,936 - INFO -   - Dia: dia-15-08-2025
2025-08-28 14:16:10,004 - INFO -   - Dia: dia-20-08-2025
2025-08-28 14:16:11,174 - INFO -   - Dia: dia-25-08-2025
2025-08-28 14:16:12,404 - INFO -   - Dia: dia-29-08-2025
2025-08-28 14:16:13,547 - INFO - Processando mês: setembro
2025-08-28 14:16:14,678 - INFO -   - Dia: dia-03-09-2025
2025-08-28 14:16:15,824 - INFO -   - Dia: dia-05-09-2025
2025-08-28 14:16:16,946 - INFO -   - Dia: dia-10-09-2025
2025-08-28 14:16:18,720 - INFO -   - Dia: dia-12-09-2025
2025-08-28 14:16:19,830 - INFO -   - Dia: dia-15-09-2025
2025-08-28 14:16:21,061 - INFO -   - Dia: dia-19-09-2025
2025-08-28 14:16:22,178 - INFO -   - Dia: dia-20-09-2025
2025-08-28 14:16:23,281 - INFO -   - Dia: dia-22-09-2025
2025-08-28 14:16:24,445 - INFO -   - Dia: dia-24-09-2025
2025-08-28 14:16:25,566 - INFO -   - Dia: dia-25-09-2025
2025-08-28 14:16:26,680 - INFO -   - Dia: dia-30-09-2025
2025-08-28 14:16:27,905 - INFO - --------------------------------------------------------------------------------
2025-08-28 14:16:27,905 - INFO - Finalizado o processamento da Agenda Tributária do ano de 2025
2025-08-28 14:16:27,906 - INFO - --------------------------------------------------------------------------------
2025-08-28 14:16:28,041 - ERROR - ❌ Erro de validação no JSON: 6408 is not of type 'string', 'null'
Traceback (most recent call last):
  File "/home/wsl/AluraProjetos/alura-engenharia-dados/pipeline-agenda-tributaria/scripts/agenda_scrapper.py", line 203, in salvar_json
    validate(instance=estrutura_final, schema=agenda_schema)
  File "/home/wsl/.pyenv/versions/3.11.9/lib/python3.11/site-packages/jsonschema/validators.py", line 1332, in validate
    raise error
jsonschema.exceptions.ValidationError: 6408 is not of type 'string', 'null'

Failed validating 'type' in schema['properties']['meses']['additionalProperties']['properties']['dias']['additionalProperties']['properties']['eventos']['items']['properties']['codigo_gps']:
    {'type': ['string', 'null']}

On instance['meses']['setembro']['dias']['dia-30-09-2025']['eventos'][101]['codigo_gps']:
    6408
2025-08-28 14:30:39,791 - INFO - ================================================================================
2025-08-28 14:30:39,791 - INFO - Iniciando o processamento do Web Scrapping da Agenda Tributária do ano de 2025
2025-08-28 14:30:39,791 - INFO - ================================================================================
2025-08-28 14:30:39,923 - INFO - Processando mês: janeiro
2025-08-28 14:30:41,970 - INFO -   - Dia: dia-06-01-2025
2025-08-28 14:30:43,121 - INFO -   - Dia: dia-08-01-2025
2025-08-28 14:30:44,227 - INFO -   - Dia: dia-10-01-2025
2025-08-28 14:30:46,397 - INFO -   - Dia: dia-15-01-2025
2025-08-28 14:30:47,533 - INFO -   - Dia: dia-20-01-2025
2025-08-28 14:30:48,671 - INFO -   - Dia: dia-22-01-2025
2025-08-28 14:30:51,747 - INFO -   - Dia: dia-23-01-2025
2025-08-28 14:30:52,954 - INFO -   - Dia: dia-24-01-2025
2025-08-28 14:30:54,073 - INFO -   - Dia: dia-27-01-2025
2025-08-28 14:30:55,269 - INFO -   - Dia: dia-31-01-2025
2025-08-28 14:30:56,418 - INFO - Processando mês: fevereiro
2025-08-28 14:30:57,745 - INFO -   - Dia: dia-05-02-2025
2025-08-28 14:31:00,511 - INFO -   - Dia: dia-07-02-2025
2025-08-28 14:31:01,797 - INFO -   - Dia: dia-10-02-2025
2025-08-28 14:31:02,922 - INFO -   - Dia: dia-13-02-2025
2025-08-28 14:31:04,073 - INFO -   - Dia: dia-14-02-2025
2025-08-28 14:31:05,197 - INFO -   - Dia: dia-17-02-2025
2025-08-28 14:31:07,906 - INFO -   - Dia: dia-20-02-2025
2025-08-28 14:31:09,025 - INFO -   - Dia: dia-21-02-2025
2025-08-28 14:31:10,194 - INFO -   - Dia: dia-25-02-2025
2025-08-28 14:31:11,323 - INFO -   - Dia: dia-28-02-2025
2025-08-28 14:31:12,451 - INFO - Processando mês: marco
2025-08-28 14:31:13,625 - INFO -   - Dia: dia-05-03-2025
2025-08-28 14:31:14,792 - INFO -   - Dia: dia-07-03-2025
2025-08-28 14:31:15,902 - INFO -   - Dia: dia-10-03-2025
2025-08-28 14:31:17,075 - INFO -   - Dia: dia-11-03-2025
2025-08-28 14:31:19,211 - INFO -   - Dia: dia-13-03-2025
2025-08-28 14:31:20,376 - INFO -   - Dia: dia-14-03-2025
2025-08-28 14:31:21,581 - INFO -   - Dia: dia-17-03-2025
2025-08-28 14:31:24,506 - INFO -   - Dia: dia-18-03-2025
2025-08-28 14:31:25,783 - INFO -   - Dia: dia-20-03-2025
2025-08-28 14:31:26,921 - INFO -   - Dia: dia-25-03-2025
2025-08-28 14:31:28,192 - INFO -   - Dia: dia-31-03-2025
2025-08-28 14:31:29,520 - INFO - Processando mês: abril
2025-08-28 14:31:30,681 - INFO -   - Dia: dia-03-04-2025
2025-08-28 14:31:31,829 - INFO -   - Dia: dia-07-04-2025
2025-08-28 14:31:32,950 - INFO -   - Dia: dia-10-04-2025
2025-08-28 14:31:34,065 - INFO -   - Dia: dia-14-04-2025
2025-08-28 14:31:36,129 - INFO -   - Dia: dia-15-04-2025
2025-08-28 14:31:37,304 - INFO -   - Dia: dia-17-04-2025
2025-08-28 14:31:38,421 - INFO -   - Dia: dia-20-04-2025
2025-08-28 14:31:40,177 - INFO -   - Dia: dia-22-04-2025
2025-08-28 14:31:42,194 - INFO -   - Dia: dia-24-04-2025
2025-08-28 14:31:43,344 - INFO -   - Dia: dia-25-04-2025
2025-08-28 14:31:44,508 - INFO -   - Dia: dia-30-04-2025
2025-08-28 14:31:46,805 - INFO - Processando mês: maio
2025-08-28 14:31:50,097 - INFO -   - Dia: dia-05-05-2025
2025-08-28 14:31:52,190 - INFO -   - Dia: dia-06-05-2025
2025-08-28 14:31:53,383 - INFO -   - Dia: dia-08-05-2025
2025-08-28 14:31:55,608 - INFO -   - Dia: dia-09-05-2025
2025-08-28 14:31:56,827 - INFO -   - Dia: dia-14-05-2025
2025-08-28 14:31:57,958 - INFO -   - Dia: dia-15-05-2025
2025-08-28 14:31:59,087 - INFO -   - Dia: dia-20-05-2025
2025-08-28 14:32:00,281 - INFO -   - Dia: dia-23-05-2025
2025-08-28 14:32:01,441 - INFO -   - Dia: dia-26-05-2025
2025-08-28 14:32:02,562 - INFO -   - Dia: dia-30-05-2025
2025-08-28 14:32:03,822 - INFO -   - Dia: dia-31-05-2025
2025-08-28 14:32:04,950 - INFO - Processando mês: junho
2025-08-28 14:32:06,101 - INFO -   - Dia: dia-04-06-2025
2025-08-28 14:32:08,412 - INFO -   - Dia: dia-05-06-2025
2025-08-28 14:32:11,484 - INFO -   - Dia: dia-06-06-2025
2025-08-28 14:32:13,304 - INFO -   - Dia: dia-10-06-2025
2025-08-28 14:32:14,733 - INFO -   - Dia: dia-13-06-2025
2025-08-28 14:32:16,045 - INFO -   - Dia: dia-16-06-2025
2025-08-28 14:32:17,217 - INFO -   - Dia: dia-20-06-2025
2025-08-28 14:32:19,481 - INFO -   - Dia: dia-25-06-2025
2025-08-28 14:32:20,666 - INFO -   - Dia: dia-30-06-2025
2025-08-28 14:32:21,851 - INFO - Processando mês: julho
2025-08-28 14:32:23,024 - INFO -   - Dia: dia-03-07-2025
2025-08-28 14:32:24,600 - INFO -   - Dia: dia-07-07-2025
2025-08-28 14:32:25,727 - INFO -   - Dia: dia-10-07-2025
2025-08-28 14:32:26,881 - INFO -   - Dia: dia-14-07-2025
2025-08-28 14:32:28,152 - INFO -   - Dia: dia-15-07-2025
2025-08-28 14:32:30,449 - INFO -   - Dia: dia-18-07-2025
2025-08-28 14:32:31,604 - INFO -   - Dia: dia-20-07-2025
2025-08-28 14:32:33,932 - INFO -   - Dia: dia-21-07-2025
2025-08-28 14:32:35,704 - INFO -   - Dia: dia-23-07-2025
2025-08-28 14:32:36,934 - INFO -   - Dia: dia-25-07-2025
2025-08-28 14:32:38,232 - INFO -   - Dia: dia-31-07-2025
2025-08-28 14:32:39,413 - INFO - Processando mês: agosto
2025-08-28 14:32:40,756 - INFO -   - Dia: dia-05-08-2025
2025-08-28 14:32:42,007 - INFO -   - Dia: dia-08-08-2025
2025-08-28 14:32:43,121 - INFO -   - Dia: dia-13-08-2025
2025-08-28 14:32:44,253 - INFO -   - Dia: dia-14-08-2025
2025-08-28 14:32:45,996 - INFO -   - Dia: dia-15-08-2025
2025-08-28 14:32:47,155 - INFO -   - Dia: dia-20-08-2025
2025-08-28 14:32:49,469 - INFO -   - Dia: dia-25-08-2025
2025-08-28 14:32:50,735 - INFO -   - Dia: dia-29-08-2025
2025-08-28 14:32:51,904 - INFO - Processando mês: setembro
2025-08-28 14:32:53,077 - INFO -   - Dia: dia-03-09-2025
2025-08-28 14:32:54,191 - INFO -   - Dia: dia-05-09-2025
2025-08-28 14:32:55,308 - INFO -   - Dia: dia-10-09-2025
2025-08-28 14:32:56,434 - INFO -   - Dia: dia-12-09-2025
2025-08-28 14:32:59,261 - INFO -   - Dia: dia-15-09-2025
2025-08-28 14:33:01,006 - INFO -   - Dia: dia-19-09-2025
2025-08-28 14:33:03,189 - INFO -   - Dia: dia-20-09-2025
2025-08-28 14:33:04,359 - INFO -   - Dia: dia-22-09-2025
2025-08-28 14:33:05,585 - INFO -   - Dia: dia-24-09-2025
2025-08-28 14:33:06,744 - INFO -   - Dia: dia-25-09-2025
2025-08-28 14:33:07,884 - INFO -   - Dia: dia-30-09-2025
2025-08-28 14:33:09,205 - INFO - --------------------------------------------------------------------------------
2025-08-28 14:33:09,205 - INFO - Finalizado o processamento da Agenda Tributária do ano de 2025
2025-08-28 14:33:09,205 - INFO - --------------------------------------------------------------------------------
2025-08-28 14:33:09,337 - INFO - ✅ JSON validado e salvo com sucesso em '../data/transformed/teste16_agenda_tributaria_2025.json'.
